1;科幻;科幻迷;能在外太空生存下来;可能是一个外星人伪装的地球人;;;;;;;;;;;;;;;;;;;;;;;;;;;;
2;猫;喜欢猫;猫奴;兢兢业业的铲屎官;像只小猫咪那样可爱;给人的感觉像只猫咪;;;;;;;;;;;;;;;;;;;;;;;;;;
3;狗;喜欢狗;养了只狗子;容易受到情侣的甜蜜暴击;对情侣秀恩爱毫无感觉的单身汪;对小动物超有爱心;饲养宠物;;;;;;;;;;;;;;;;;;;;;;;;;
4;行家;方向感很强;隐形老司机;拿到了驾照，会开车了;汽车品牌专家;;;;;;;;;;;;;;;;;;;;;;;;;;;
5;漫画;最喜欢看漫画;漫威迷;收藏了很多漫画书;喜欢看恐怖漫画;喜欢看爱情漫画;喜欢看剧情漫画;喜欢看奇幻漫画;喜欢看搞笑漫画;给漫画社投过稿;自己平时也画漫画;是个隐藏在人群里的漫画家;像个从漫画里走出来的人儿;是个活在三次元的二次元人，打破了次元壁;;;;;;;;;;;;;;;;;;
6;书;喜欢看书;喜欢看小说;喜欢看科幻小说;喜欢看推理小说;喜欢看言情小说;喜欢看历史小说;喜欢看军事小说;喜欢看耽美文;喜欢看YY小说;喜欢看穿越小说;喜欢看魔幻小说;喜欢看同人文;成语典故活字典;喜欢各种玛丽苏文;喜欢同人耽美文;;;;;;;;;;;;;;;;
7;电视;喜欢看美剧;喜欢看韩剧;喜欢看泰剧;喜欢看英剧;喜欢看综艺节目;喜欢看日剧;喜欢小S;喜欢开心麻花;日常追番;有空就宅在家里看电视剧;;;;;;;;;;;;;;;;;;;;;
8;电影;很喜欢看电影;谈起电影，能说出比较专业的见解;能发现电影中有趣的穿帮镜头;喜欢喜剧电影;喜欢爱情电影;喜欢恐怖电影;喜欢cult片;喜欢R级片;喜欢警匪片;喜欢歌舞片;喜欢剧情片;喜欢战争片;喜欢动作片;喜欢科幻片;喜欢犯罪片;喜欢看ta的影评;喜欢大卫林奇导演;喜欢昆汀导演;习惯安静看电影;喜欢黑泽明;喜欢卡梅隆;喜欢的电影都比较经典;喜欢的电影都比较新潮;人生像电影一样精彩;想和ta手拉手去看电影;总能从ta那里获得最新电影资讯;像个电影导演;如果拍电影邀请搭档，必然是ta呀;;;
9;跑步;跳远超厉害;跳高成绩很好;喜欢健身;热衷减肥;喜欢跑步;短跑界大牛;长跑界大牛;下一个奥林匹克金牌得主;班级参加运动会时的主力选手;擅长跑步;面对一项没做过的体育运动，最可能率先学会;能获得马拉松比赛冠军;体育拿过校内名次;学校运动会记录保持者;打破了校运动会纪录;校体育队主力;短跑爆发力强;接力赛不能没有ta;体育成绩很好;何以解忧，唯有撸铁;在运动会上留下过可爱的小黑照;;;;;;;;;;
10;走路逛;喜欢大街小巷淘美食;最爱逛美食街;;;;;;;;;;;;;;;;;;;;;;;;;;;;;
11;足球;足球猛将;狂热足球迷;课余喜欢踢足球;喜欢踢足球的男生;踢女子足球;世界杯必追;;;;;;;;;;;;;;;;;;;;;;;;;
12;游泳;泳姿多变，总有让人打call的姿势;游泳健将;想和ta一起去游泳;100米游泳冠军;肺活量超好，可以憋气2分钟以上;看ta游泳，是一种享受;;;;;;;;;;;;;;;;;;;;;;;;;
13;篮球;酷爱篮球;校队篮球主力;打篮球时迷倒万千少女;篮球技术高超;喜欢打篮球的男生;打女子篮球;打篮球的高个儿男生;篮球队队长;打篮球的ta，浑身散发着魅力;运球姿势很帅;;;;;;;;;;;;;;;;;;;;;
14;滑板;炫酷滑板少年;会玩滑板;会花式滑板;平衡感不错，适合玩滑板;玩滑板一定很帅;期待看到ta的滑板视频;;;;;;;;;;;;;;;;;;;;;;;;;
17;田园+太阳;喜欢田园生活;注重环保;名字有诗意;很会享受生活;身上散发着青草香;身上散发着木香;喜欢花花草草;身上散发着阳光的味道;身上有清晨露水的清香;安定可靠;;;;;;;;;;;;;;;;;;;;;
20;手机;和ta的聊天记录我不会删;没了手机不能活;去哪儿都带着手机充电宝和手机;手机总是充满电的状态;如果深夜我想找人倾诉，我会打电话给ta;手机没电就会抓狂;可以在没有电、没有手机的地方生存下来;ta一回复我消息，我就激动;手机壳总是很时尚漂亮;;;;;;;;;;;;;;;;;;;;;;
21;奖杯;可能获得诺贝尔奖;可能获得普利策奖;可能获得艾美奖;精通计算机，可能会获得图灵奖;可能会获得格莱美奖;数学很好，可能会获得菲尔茨奖;体育出色，可能会获得劳伦斯奖;可能会获得金鸡奖;可能会获得百花奖;可能在肖邦国际钢琴比赛中会拿得好名次;可能会获得中国金厨奖;可能会进入国际御厨协会;可能会获得法国蓝带勋章;省级国家级竞赛得主;;;;;;;;;;;;;;;;;
26;喝水杯子;喜欢喝水果汁;喜欢喝汽水;喜欢喝白开水;喜欢喝奶茶;喜欢喝无糖饮料;喜欢喝高糖饮料;喜欢喝冰的饮料;喜欢喝橙汁;喜欢喝热水;不喝含糖的饮料;喝水很讲究;;;;;;;;;;;;;;;;;;;;
28;购物袋;超级买手;了解各种名牌;知道去哪买性价比最高的东西;买东西，我都先问ta的意见;海淘专家;总能秒到特价商品;爱和大家聊买东西的话题;和ta的聊天里充满了各种淘宝链接;喜欢逛街;喜欢购物;我们的对话通常以购物链接开始;相信ta推荐的产品;收藏了很多很棒的淘宝店铺;;;;;;;;;;;;;;;;;;
29;地球;热爱旅游;去过很多欧洲国家;去过美国;去过很多地方;旅拍作品很美丽;去旅游会给朋友带礼物;会多国语言;曾经作为地球使者，访问过外星;希望和ta一起环游世界;想和ta一起去国外旅行;想和ta一起穷游;想和ta一起毕业旅行;想和ta一起gap year;想和ta一起去西藏;想和ta一起去云南;;;;;;;;;;;;;;;;
30;笔+手写本;喜欢买文具;喜欢买笔;买了漂亮的文具又舍不得用;写了一手好字;有珍藏的手抄歌词本;有认真记录错题本;经常学习到深夜;优秀小记者;作业非常工整;课堂笔记很清晰;寒暑假作业很早做完;寒暑假作业到快开学时才做完;此人没补过作业;做作业速度超快;作文下笔如有神;一言不合就刷题;希望这位学霸能帮我做作业;想拥有ta的课堂笔记;ta的学习笔记简直就是老师的考试重点;;;;;;;;;;;;
36;英语（ABC形象？）;英语字写得像印刷出来的;英语口语出众;英语听力高手;英语发音纯正;英语成绩很好;在英语上有天赋;曾出国留学;就读国外名校;喜欢唱英文歌;;;;;;;;;;;;;;;;;;;;;;
37;课堂书本;语文成绩很好;物理成绩很好;地理成绩很好;历史成绩很好;化学成绩很好;生物成绩很好;在语言上有天赋;在物理上有天赋;在地理上有天赋;在生物上有天赋;在化学上天赋;;;;;;;;;;;;;;;;;;;;
41;party;喜欢聚会;喜欢玩桌游;沉迷扩列难以自拔;交过笔友;一有空就上网聊个天;人缘很好;热衷参加各种社团;开party绝对会邀请ta;任何事情都可以叫上ta;生日会中必不可少的密友;空余时间，更喜欢和大家一起聊天玩闹;常活跃在各种扩列群;如果农药组队，我第一个叫ta;如果要组学习小组，我第一个叫ta;希望能有更多机会一起玩耍;容易融入群体;;;;;;;;;;;;;;;
42;一家三口;性格比较顾家;家庭关系很好;在家有特别的小名;家里兄弟姐妹比较多;我坚实的后盾;像我的家人一样;具有很强的家庭责任感;如果一定要选个结婚对象，我选ta;想和ta结婚;我有预感，我们会组成一个家庭;第一次约会后，就会想到结婚;;;;;;;;;;;;;;;;;;;;
43;正常说话;声音洪亮;学校广播站成员;声音好听;参加了学校辩论队;善于沟通;善于谈判;拥有令人羡慕的演讲能力;竞选班干部的演讲出色;说话语速慢吞吞;希望有个机会能够和ta进行一对一对话;希望能够和ta多聊聊;还没说完话，ta就能知道我想说什么;有一套自己自创的语言;;;;;;;;;;;;;;;;;;
44;八卦地说话（@#@#!2#$）;对娱乐明星了如指掌;最喜欢的课外活动是唠嗑;最想和他分享秘密;有感情问题最想和TA分享;和ta聊天，总有说不完的话;有八卦花边新闻第一个想告诉TA;课间喜欢和TA聊聊天;分手了想和ta倾诉;可以和ta说任何事情;看电影时喜欢讨论一下;会小语种;喜欢剧透各种剧;小话唠;我经常和家人提起ta;很能聊;语速一快就像rap;说话语速超快;常常碎碎念;;会花很多时间在聊天上;我们常常只用表情包对话;;;;;;;;;;
45;红爱心;可以把我的肾捐献给ta;非常爱家人;如有合适的异性最想推荐给TA;外冷内热;爱护小朋友;刀子嘴豆腐心;我在手机上为这位配了特别铃声;让我的心跳加速;对ta一见钟情;我已经爱上ta了;为爱奋不顾身;陷入爱情时，不会在乎他人的目光;痴情;全世界里我最爱ta;脑子里经常是ta的身影;很有吸引力;有魅力的人;在我梦里跑了一夜马拉松;我家里人很喜欢ta ;希望每段感情轰轰烈烈;希望每段感情细水长流;收到过很多情书;喜欢ta的人排队拿着爱的号码牌;拥有深情的声音;我想告诉ta，要好好爱自己;是ta让我开始相信爱情;我的本命;想了解对方更多;一看到ta我就小鹿乱串;有颗金钢心;
57;美女（+身体）;性感撩人;自拍不用美颜;御姐风范;电影女主角气质;容易被ta的美貌吸引;美妆达人;擅长美容;样貌气质高级;下一位奥斯卡最佳女主角;好身材;散发着高级感;身型匀称;拥有A4腰;曾经盯着ta的照片看了好久;360度无死角的美貌;还没意识到自己的高颜值;军训过后仍然很白皙;很有女人味;少御音;长发短发都很好看;活体女神;第一眼看到，惊为天人;越变越美啦;看起来比较成熟;就算容颜老去，依然很美;拍照1分钟，P图三小时;直男女神;;;;
58;少女（+身体）;甜美少女风;萌萌哒;萌妹子;在乎每天的形象;人见人爱;软妹子;见过最美的女孩;瘦的让人嫉妒;班花;段花;校花;皮肤无瑕疵;皮肤细腻水润;皮肤白皙;对护肤品很在行;比起其他条件，更希望另一半高颜值;重度颜控;充满元气;说话带点小尾音;说话带有比较多语气词;看起来像邻家妹妹;脸很小巧;;;;;;;;;
59;二次元少女（初音未来）;COSPLAY重度玩家;二次元;非常喜欢花泽香菜;非常喜欢初音未来;日常洛丽塔风格;ta的着装让我印象深刻;说话的口音很可爱;声音娇嗲嗲;我们在私下聊天中会做一些角色扮演;虽然贫乳，魅力不减;像从童话故事里走出来的人;;;;;;;;;;;;;;;;;;;;
62;帅哥／少男;下一位奥斯卡最佳男主角;有魄力的人;看起来像个王子;见过最帅的男孩;班草;段草;校草;迷人的坏笑;比ta自己以为的更靓仔;喜欢老派偶像明星;暖男;人缘很好;积极向上的阳光好少年;师奶杀手;听ta的声音会怀孕;声音很有磁性;正太音;活体男神;越来越帅啦;看起来像邻家哥哥;;;;;;;;;;;
64;成熟男+身体;很有男人味;霸道总裁;年轻人中的老干部;有着超乎年纪的机智;喜欢新派年轻偶像;看起来很可靠;只要ta一出现，就觉得放心了有救了;令人尊敬;值得信任;成熟稳重;有超过实际年龄的成熟;有责任心;一表人才;总是说到做到;知道如何能够说服每个人;女人，你成功吸引到了我的注意;声音醇厚;;;;;;;;;;;;;;
65;微胖;微胖仙女;微胖男神;像个暖和的大抱枕;有点小鼻音;说起话来带有小懒音;;;;;;;;;;;;;;;;;;;;;;;;;;
66;潮人;嘻哈青年;形象让人感觉很特别;审美很好;文艺青年;有品味;喜欢的东西比较小众;很会搭配衣服;总能跟上潮流;像个乐队主唱;另类的声音;声音带点邪魅;在逛街时会被人搭讪;ta的街拍很好看;走在街上，回头率很高;亮相后的吸睛指数已爆表;;;;;;;;;;;;;;;;
67;乖巧（学生）;看起来总像青涩的校园新生;老师的最爱;标准好学生;从不抄别人作业;经常是第一个交考卷;成绩排位年段前几名;总受到老师表扬;总受到众多家长表扬;值日时最认真了;尊重长辈;尊重对方做出的选择，不会无理取闹;超级乖巧;老师的重点辅导对象;最可能成为优秀毕业生;;;;;;;;;;;;;;;;;
68;艺术家;艺术家潜力股;带有艺术气质;德艺双馨的老艺术家;未来的设计大师;手绘小能手;画的板报很好看;声音沙哑性感;天马行空;不管朋友做的是对是错，会首先支持对的决定;具有鲜为人知的艺术天赋;;;;;;;;;;;;;;;;;;;;;
69;文雅;看起来总是干干净净;正在越变越优秀;有很好的自制力;文质彬彬;谦虚待人;严谨仔细;严于律己;讲义气;守信用;表里如一;不会在背后说人坏话;公正地对待每一个人;做事情讲道理;做事有条理;不论外界如何，比较坚持自己的观点想法;不受规则局限，有自己的行事风格;比较文雅;就读国内名校;在专业上可能会获得国家级奖项;在专业上可能会获得国际性奖项;总是按时完成作业;教养很好;不会对我撒谎;事情考虑得周全、周道;;;;;;;
70;精英+领袖;未来会创建一个商业帝国;未来的土豪;小富翁;这是下一位世界首富;看好ta未来的发展;神秘的家庭背景;海归;有成功者气质;当我犹豫不定的时候，我倾向去问问ta的看法;很自信;是一个天才;可能成为研究生;可能成为博士生;经常在公众场合演讲;再选一次班长，我会选ta;未来的CEO;有许多追随者;支持ta连任班干部;我身边的大佬;有领导力;在爱情和事业中，更看重事业;天生领袖;在王者荣耀里最可能带领本队取得胜利的;可能会去海外留学;行事果断;能够组织起大型活动;能够在最后一刻作出正确决定;通常会投出决定性的一票;有一天可能会成为我的老板;经常能完美完成任务，并且超出预期;
71;宅;宅腐向;平时最宅;时常感到无聊;傲娇的肥宅;买吃的会给我带一份;不介意在ta面前暴露土肥圆的一面;;;;;;;;;;;;;;;;;;;;;;;;;
72;戴眼镜人;经常学习到深夜;会成为一个作家;有称为工程师的潜力;可能会成为植物学家;可能会成为生物学家;可能成为哲学家;可能会成为植物学家;可能成为很棒的编剧;能够成为高考状元;能够成为中考状元;书香门第;学霸;最想和他研讨作业;有很大的书库;非常注重学习效率;学习能力强;痴迷看书;奖学金拿到手软;各种奖项拿到手软;三好学生;成绩优秀;我羡慕ta的学习成绩;应该进入尖子班;在学习上的成绩，无可挑剔;意志坚定;在别人都挂这科的时候，仍能取得好成绩;很少学习，功课上也总是能拿到很好的成绩;记性很好，处理事情井井有条;;;
73;开放;比较不拘小节;比较大大咧咧;比较健谈;对爱情比较主动，喜欢主动出击;喜欢和每个人热情地打招呼;直肠子憋不住事儿;此时是个逗比，一辈子是个逗比;;;;;;;;;;;;;;;;;;;;;;;;
74;面无表情;笨笨的讨人喜欢;没了 表情包加持就无法聊天;可能会不想长大;聊天里可能会回复我“敲里吗”;老实人;比较耿直;被误会，会选择默默忍受;泪点比较高;笑点比较高;对爱情没什么向往;猜不透;除了爱情，什么都已拥有了;早起会有起床气;最怕空气突然的安静;忧郁气质;木讷音;走在路上经常发呆;;;;;;;;;;;;;;
75;星星眼;让人怜惜;提出的请求让人无法拒绝;楚楚可怜;非常希望收到ta的称赞;长大后希望成为ta;拥有漂亮的本子和笔却舍不得用;在我过生日的时候会给我惊喜;只要ta邀请我出去玩，我一定会同意;对世界充满好奇;ta能爱上我，是我的荣幸;;;;;;;;;;;;;;;;;;;;;
76;爱心眼;看见美女／帅哥容易走不动道;对小鲜肉最没有抵抗力;朋友圈我怎么看都不会腻;比较容易被明星吸引;每个人都想和ta约会;容易对ta一见钟情;向往梦幻的爱情;希望能够和ta搭上话;鹿晗的粉丝;Tfboy的粉丝;疯狂爱安利东西给大家;是我喜欢的类型;;;;;;;;;;;;;;;;;;;
77;积极者;追星族;课堂上踊跃回答问题;饭圈大大;从不害怕陷入麻烦;善于鼓励他人;主持排练了校运会入场创意表演;每次讨论时，通常是ta做笔记;课代表;上课从不迟到早退;日常群内打卡积极分子;即使有时糊里糊涂，最终也能够成功达目标;;;;;;;;;;;;;;;;;;;;
78;坏笑人;日常爱好调戏学霸;桌游小能手;狼人杀专业户;狼人杀时，总跳预言家;狼人杀hold住全场带节奏;经常笑出猪声哼哼哈哈;有时会讲些让人羞羞的话;戏精;划船不用桨，一生全靠浪;有一双发现表情包的眼睛;喜欢制作表情包;曾经创作过表情包;最爱用宋民国表情包;可能会在校园墙上画表情包;群体内滑稽担当;比较搞怪;总是能准确get到大家的点;小叛逆;群体内滑稽担当;知道怎么让老师突然暴走;发动态的时候会算算，何时发能得到最多赞;;;;;;;;;;
79;可爱;很想和ta做好朋友;经常脸上笑哈哈，心里敲里吗;积极乐观;我欣赏ta的性格;很有礼貌;家教很好;看到ta就愉悦放松迅速回血耶;性格包容;对待他人很真诚;知道在合适的时机说合适的话;拥有轻松愉快的学习方式;对男／女朋友非常包容;对摸头杀没有抵抗力;给人的第一印象很好;性格温柔;很少感到沮丧;声音很温甜;萌受音;可能会拿到圈子内的最受欢迎奖;点亮了周围人的生活;做鬼脸也很可爱;长相十分可爱;;;;;;;;;
80;舒服;相处起来，让人舒服;慢性子;希望能够和男／女朋友平平淡淡过一生;会为了所爱的人改变自己;温柔音;注意分寸，不会伤害到周围的人;脾气好;能灵敏地感受到对方的心情;聊天时，绝对不会孤对方;;;;;;;;;;;;;;;;;;;;;;
81;害羞;比较敏感;容易害羞;比较内秀;性格内向;不知怎么向ta表白;对爱情非常向往;对爱情谨慎;容易陷入爱河;向往柏拉图式的爱情;见到ta就无法呼吸;对爱情比较被动，习惯等待;对爱情充满幻想;在看电影时，希望和ta相互依偎;很容易脸红 ;让我无法拒绝的人;;;;;;;;;;;;;;;;
82;酷（戴墨镜）;很酷，不聊骚;冷酷少年;酷酷哒;冷酷到可以阻止地球变暖;喜欢戴墨镜;酷炸的小哥哥／小姐姐;纹身一定会很酷;低沉的声音;穿着非常酷;少年王家卫;;;;;;;;;;;;;;;;;;;;;
84;肌肉人;硬汉;正义;肌肉发达;拔河比赛大力士;穿衣显瘦，脱衣有肉;声音粗狂;可能会为我打架;会为朋友打抱不平;有马甲线;一分钟60个俯卧撑对ta来说不是挑战;体育比赛中总是碾压我;任何比赛都难不倒ta;随时随地能躲避我的攻击;精通枪战游戏;有胆量挑战任何事情;很有行动力;我愿意成为ta的守护者;;;;;;;;;;;;;;
85;疯狂;静若处子，动若脱兔;主题班会活跃分子;玩得最疯，又学得最认真;ta喜欢用肢体语言表达意思;初次见面觉得ta很斯文，熟了之后就开始疯了;课余生活丰富多彩;遇到事情容易激动;很容易high起来;轻度中二患者;急性子;说起话来手舞足蹈;只要不到期末考试，就总是疯玩到天亮;愿意和ta一起跳伞;愿意和ta双人蹦极;我会陪ta一起发神经;非常疯狂;;;;;;;;;;;;;;;
86;伸舌头舔舔;对炸鸡爱到不行;冬天可能会舔铁栅栏;见到ta就有胃口;喜欢吃的东西比较奇葩;家乡特产很好吃;喜欢重口味美食;超爱吃小龙虾;超爱吃香辣蟹;爱喝汤;偏爱粤菜;偏爱湘菜;喜欢火锅;不挑食的好宝宝;不挑食，什么都爱吃;偏爱韩餐;偏爱西餐;偏爱咖喱;爱吃小龙虾;爱吃海鲜;烤肉是一生挚爱;;;;;;;;;;;
87;笑哭;离开wifi就不能活;搞笑到经常笑哭我;说一个笑话前，必须得自己先笑完;论开玩笑，我就服ta;套路满满;段子手;经常分享搞笑的表情包;笑点比较低;擅长制作好友的表情包;打电话请假后，放下电话病就好了;;;;;;;;;;;;;;;;;;;;;
88;大笑;大笑起来像个脱缰的野马;大家都喜欢的开心果;笑容最魔性;热情奔放;热情好客;性格开朗;性格外向;比较爽朗;乐于分享;笑容棒到可以拍摄牙膏广告;让一堂无聊的课变得有趣;对爱情洒脱;容易忘记不开心的过往;失恋了也可能很快走出来;笑起来的声音经常是科科科科;笑起来的声音是嘻嘻嘻嘻;见到ta就高兴;容易记住不开心的过往;笑起来比太阳更闪亮;;;;;;;;;;;;
89;祈祷（虔诚）;有信仰;对万事万物保佑尊敬之心;相信宇宙中有神秘力量;虔诚的马克思唯物主义者;大家都想求此大佬帮助;绝对不想失去和ta的联系;对我的帮助很大;;;;;;;;;;;;;;;;;;;;;;;;
90;奋斗者;志向远大;三观很正;喜欢挑战;追求完美;喜欢尝试新事物;做事勤奋;意志坚强;选择了一条路，就会坚持走下去;追求高成就感;在任何情况下都尽最大努力;份内的事情总是完成得很出色;环境适应力很强;一个人时也能搞定所有事情;生活自理能力强;享受压力带来的成长;对自己的学习成绩充满信心;学习很专心;考试发挥稳定;最近学习进步神速;月考中总是取得好成绩;明白自己想要的是什么，并积极争取;看起来很有抱负;就算成功的希望渺茫，也绝不放弃;;;;;;;;
91;聪明机灵;很有想法;有深刻的思想;鬼点子最多;善于识别套路;有很多有趣的想法;情商高;总有好点子;智商高;善于总结经验;ta讲解的题目，一听就懂;比起其他条件，更希望另一半高智商;灵活变通;聪明伶俐;非常有洞察力;看起来非常聪明;能够考入全国重点大学;能够考入全国重点高中;并不知道自己是个天才;记忆力超强;科学小博士;记得每个好朋友的生日日期、最爱的颜色、星座;知道很多科技知识;我身边的福尔摩斯，有很强的推理能力;能进入任何想进入的大学;总能问到关键性问题;不用复习就能取得好成绩;;;;;
92;英雄;想要拯救世界;一直以来，我都比较欣赏ta ;现实生活中的英雄;能够帮助班集取得荣誉;;;;;;;;;;;;;;;;;;;;;;;;;;;
93;光彩照人;有明星相;未来的网络红人;可能会成为当红明星;可能会进入娱乐圈;可能会成为演员;有潜力成为国际巨星;校内名人;段内红人;闪亮闪亮最闪亮;简直是完美人设;自拍照美图前后还是同一个人;很上相;在学霸里是最美／帅的;在公众面前演讲不会紧张;你会愿意和以下哪位约会;非常有人气;;;;;;;;;;;;;;;
94;婴儿;还保持着一颗童心;大儿童;你希望照顾以下哪个宝宝;有时候会称呼朋友为：宝贝;总是称自己为：本宝宝;我的小祖宗;没化妆时看起来像可爱的小朋友;看起来比较童真可爱;;;;;;;;;;;;;;;;;;;;;;;
95;雷锋;宿舍里的活雷锋;乐于助人;无私奉献;拥有许多美好的传统美德;;;;;;;;;;;;;;;;;;;;;;;;;;;
96;人在床上;赖床高手;爱好睡觉;希望每天早上醒来就能见到ta;一上课就犯困;早上醒来想到的第一个人;伪病娇;睡觉会说梦话;打雷都吵不醒ta;从不赖床;;;;;;;;;;;;;;;;;;;;;;
97;黑眼圈人;夜猫子;每天晚上窝在被窝里看小说;晚上总是窝在被窝里看漫画;多晚都可能在网上找到ta;喜欢说鬼故事吓虎人;非常怕鬼，又喜欢看鬼片;;;;;;;;;;;;;;;;;;;;;;;;;
98;小傲娇;比较黏人;小傲娇;知道我的所有事情;有小脾气，但是很快就会过去;;;;;;;;;;;;;;;;;;;;;;;;;;;
99;护士;有做护士的潜质;非常有爱心，会照顾人;受伤的时候希望ta在身边;治愈系;;;;;;;;;;;;;;;;;;;;;;;;;;;
100;警察;未来的警察;捍卫正义的使者;保护弱小的英雄;在混乱时候会出来维护秩序;;;;;;;;;;;;;;;;;;;;;;;;;;;
101;军人;可能成为一名军人;军训叠被子叠得很整齐;站姿挺拔像军姿一样;做事非常有规矩，像军人一样;;;;;;;;;;;;;;;;;;;;;;;;;;;
102;飞行员;未来可能会成为飞行员;未来可能会经常在全球各地飞;看起来像开直升飞机的人呀;梦想远上云霄;;;;;;;;;;;;;;;;;;;;;;;;;;;
103;亲亲;想要吻ta;不介意和ta练习接吻;脑子里天天想着处对象;;;;;;;;;;;;;;;;;;;;;;;;;;;;
105;一对人（双手击掌，侧身，脸面向镜头，翘屁股）;希望和ta同班;愿意和ta一起去荒岛一年;最想和ta合影;期待和TA在雨中共打一把雨伞;假期想和ta一起度过;放学经常一起回家;想放学和ta一起回家;为了好基友，能够两肋插刀;有话直说，真基友;我中了旅行大奖，希望和ta一起去;容易结交上新伙伴;凭着记忆我就能画下ta的面容;最想和ta同桌;大家都乐意和ta同桌;想和ta成为作业互助搭档;学富五车;希望和ta交换智商;共享了许多有价值的学习经验;未来我的婚礼，想请ta做伴娘／伴郎;同道中人;一下课就想找的人;有这个朋友，我很自豪;想骑着自行车载着ta;想骑着小摩托载着ta;想和ta一起去冒险;喜欢和ta分享生活中的一切;会被人误会我和ta是兄妹／兄弟;性格很好相处;不管事情对错，会首先支持朋友的决定;会帮我占位置;汉服同袍
106;天使;总给我带来好消息的人;非常善良;善解人意;与人为善;从不在背后说人闲话;我愿意帮ta达成一个心愿;散发着圣母光芒;;;;;;;;;;;;;;;;;;;;;;;;
107;一对人摆手画心;和ta有过难忘经历;我的好基友;周末逛街最佳伴侣;同宿舍舍友都爱ta;不洗头就能见面的交情;如果去蹦极，希望能跟ta一起;可能会很早结婚;对爱情很向往;很快会遇到如意郎君;与ta越爱越深;希望无时无刻都在ta身边;希望能够永远在一起，不分离;愿意陪男／女朋友去冒险;在爱情上很专一;我的依靠;如果必须，会为了ta取消当前所有已有计划;我的世界没了ta就不完整了;一辈子的好基友;只要我呼，ta凌晨也会起来陪我轧马路;在我的一辈子好基友排行榜的第一名;想和ta处cp;;;;;;;;;;
108;斜眼看（doge）;尬聊高手;可能会地下恋情;可能已有心仪对象;看起来像恋爱了;对男／女朋友有比较高的要求;看鬼片从来不会被吓到;每日狗一狗，活到九十九;这个人有毒;有点小洁癖;就算ta这么狗，我一样很爱ta;容易心态爆炸;经常掌握着一些劲爆消息;在满是人的房间里，下意识地找ta;让我印象最深刻的人;;;;;;;;;;;;;;;;;
109;向往金钱;寻宝狂人;富有;iphone出了新款必买;家庭背景殷实;;;;;;;;;;;;;;;;;;;;;;;;;;;
110;惊讶尖叫;怎么吃都不胖;口头禅是：妈耶;容易尖叫;最可能会做出一些出乎意料的事情;;;;;;;;;;;;;;;;;;;;;;;;;;;
111;问号脸;有不可思议的特殊技能;可能会走错班都毫无意识地坐下来;懵题正确率贼高;;;;;;;;;;;;;;;;;;;;;;;;;;;;
112;躺泪;最受不了情伤;失恋后倾向找人诉说;失恋后倾向用忙碌麻醉自己;失去什么，也不愿失去ta;爱过绝不后悔;希望能有个机会和ta道歉;泪点比较低;深情的人，难以忘记前任;令人疼惜;;;;;;;;;;;;;;;;;;;;;;
113;跪了;ta最可能恋爱长跑;容易为爱付出不求回报;经常扎我心的老铁;;;;;;;;;;;;;;;;;;;;;;;;;;;;
115;智障状（两眼珠子背向往外）;给自己的手机和电脑取了特别的小名;一不小心成为群嘲对象;下雨的时候可能用嘴接雨;想到哪里说到哪里;会和siri聊天说话;声音很魔性;如果想做傻事，会拉ta一起;光听声音就能认出ta;习惯用表情包打招呼的人;;;;;;;;;;;;;;;;;;;;;;
116;舞;灵魂舞者;跳舞一级棒;舞蹈跳的很专业;会跳爵士;会跳民族舞;会跳古典舞;会跳芭蕾舞;会跳现代舞;会跳踢踏舞;会跳拉丁舞;模仿能力强;创造能力强;有自己独创的舞步;校艺术节主力担当;能歌善舞的文艺委员;有特别的舞蹈来庆祝胜利;会跳dab舞;有很好的节奏感;能成为舞蹈比赛的冠军;能够旁若无人的忘情舞动;;;;;;;;;;;
117;音符;喜欢蓝调音乐;偏爱宗教音乐;喜欢欧美歌曲;喜欢听日韩歌曲;喜欢动漫配乐;喜欢电影配乐;经常插着耳机听音乐;喜欢的歌都比较经典;偏爱老歌;偏爱摇滚乐;偏爱雷鬼乐;偏爱嘻哈说唱;偏爱古典音乐;偏爱打击乐;偏爱爵士乐;偏爱电音;偏爱轻音乐;偏爱独立音乐;偏爱先锋音乐;喜欢R&B;偏爱民谣;很有乐感;光听歌曲前奏就能猜出这是哪首歌;;;;;;;;
118;麦克;麦霸;喜欢唱歌;人称中华小曲库;最可能突然开始唱歌;唱歌很棒;很有音乐天赋;曾在学校文艺演出;学歌很快;学校合唱队主力;班级最佳主持人;流行歌曲基本都会哼;在音乐上有天赋;重度声控;;;;;;;;;;;;;;;;;;
120;游戏;重度网游成瘾少年;更喜欢单机游戏;超爱玩电子游戏;课外喜欢去游戏机厅;网游大牛;农药开黑绝对要叫上ta;想和ta一起打游戏;喜欢去游戏机厅;游戏狗就知道秀装备;我的农药克星;无聊就会和ta打一把农药;在农药里总是碾压对方;;;;;;;;;;;;;;;;;;;
121;走路逛;喜欢逛各种展览;喜欢去各种峰会;关心自己每天走的步数;关心自己的步数排行榜成绩;想和ta一起去博物馆;想和ta一起徒步旅行，穿越台湾岛;想和ta一起逛夕阳下的沙滩;逛街从来不歇脚;;;;;;;;;;;;;;;;;;;;;;;
122;调皮;比较闷骚;一位被偶像包袱耽误的段子手;我们有特别的打招呼方式;;;;;;;;;;;;;;;;;;;;;;;;;;;;
